// Jest Snapshot v1, https://goo.gl/fbAQLP

exports[`Error component matches the snapshot 1`] = `
<div
  className="Error"
>
  <h1>
    Не удалось загрузить данные
  </h1>
</div>
`;
