// Jest Snapshot v1, https://goo.gl/fbAQLP

exports[`Loader component matches the snapshot 1`] = `
<div
  className="Loader"
>
  <h1>
    Подождите, данные загружаются
  </h1>
  <div
    className="Spinner"
  />
</div>
`;
